// Jest Snapshot v1, https://goo.gl/fbAQLP

exports[`Displays the correct title 1`] = `
<h1
  data-testid="hero-title"
>
  Gatsby is awesome!
</h1>
`;
